anodyne-dark-syntax
apathy-theme
atom-dark-fusion-syntax
atom-ember-frost-syntax
atom-gooey-syntax
atom-material-contrast-syntax
atom-material-numix-syntax
atom-material-syntax
atom-material-syntax-dark
atom-material-ui
atom-material-syntax
atom-material-syntax-light
boron-syntax
chester-atom-syntax
duotone-dark-earth-syntax
duotone-dark-forest-syntax
duotone-dark-sea-syntax
duotone-dark-space-syntax
duotone-dark-syntax
flat-ui-syntax
flatland-dark
github-atom-dark-syntax
glacier-dark-ui
glacier-syntax
gruvbox-plus-syntax
iceberg-syntax
isotope-ui
isotope-light-ui
material
material-design-syntax
material-monokai-syntax
material-syntax
neutron-ui
neutron-syntax
noj-syntax
northem-atom-syntax
northem-dark-atom-syntax
northem-dark-atom-ui
northem-atom-ui
northem-light-atom-ui
northem-light-atom-syntax
nucleus-dark-ui
oceanic-next-italic
oceanic-next-italic-white
oceanic-reef-syntax
one-dark-vivid-syntax
orthem-light-atom-ui
peacocks-in-space-syntax
piatto-light
polymorph-ui
seti-ui
seti-syntax
slime
spring-dark-syntax
